python : Traceback (most recent call last):
At line:1 char:1
+ python C:\Users\pakok\OneDrive\Documents\airbnb-backend\test_db.py >  ...
+ ~~~~~~~~~~~~~~~~~~~~~~~~~~~~~~~~~~~~~~~~~~~~~~~~~~~~~~~~~~~~~~~~~~~~~
    + CategoryInfo          : NotSpecified: (Traceback (most recent call last)::String) [], Rem 
   oteException
    + FullyQualifiedErrorId : NativeCommandError
 
  File "C:\Users\pakok\OneDrive\Documents\airbnb-backend\test_db.py", line 13, in <module>
    django.setup()
    ~~~~~~~~~~~~^^
  File 
"C:\Users\pakok\AppData\Local\Programs\Python\Python314\Lib\site-packages\django\__init__.py", 
line 24, in setup
    apps.populate(settings.INSTALLED_APPS)
    ~~~~~~~~~~~~~^^^^^^^^^^^^^^^^^^^^^^^^^
  File "C:\Users\pakok\AppData\Local\Programs\Python\Python314\Lib\site-packages\django\apps\reg
istry.py", line 91, in populate
    app_config = AppConfig.create(entry)
  File "C:\Users\pakok\AppData\Local\Programs\Python\Python314\Lib\site-packages\django\apps\con
fig.py", line 193, in create
    import_module(entry)
    ~~~~~~~~~~~~~^^^^^^^
  File "C:\Users\pakok\AppData\Local\Programs\Python\Python314\Lib\importlib\__init__.py", line 
88, in import_module
    return _bootstrap._gcd_import(name[level:], package, level)
           ~~~~~~~~~~~~~~~~~~~~~~^^^^^^^^^^^^^^^^^^^^^^^^^^^^^^
  File "<frozen importlib._bootstrap>", line 1398, in _gcd_import
  File "<frozen importlib._bootstrap>", line 1371, in _find_and_load
  File "<frozen importlib._bootstrap>", line 1335, in _find_and_load_unlocked
ModuleNotFoundError: No module named 'corsheaders'
